2026-05-11 17:50:15,152 | INFO | 🤖 Daemon started | Project: C:\Users\Maxim\Desktop\Project\DayCom2
2026-05-11 17:50:15,153 | INFO | ✅ Already up-to-date for today.
2026-05-11 17:50:15,153 | INFO | 😴 Sleeping 14.2h until 12.05 08:03
2026-05-11 17:54:04,264 | INFO | 🛑 Daemon stopped by user.
2026-05-11 17:57:03,380 | INFO | 🤖 Daemon started | Project: C:\Users\Maxim\Desktop\Project\DayCom2
2026-05-11 17:57:03,381 | INFO | ✅ Already up-to-date for today.
2026-05-11 17:57:03,381 | INFO | 😴 Sleeping 14.4h until 12.05 08:21
2026-05-11 18:00:14,876 | INFO | 🛑 Daemon stopped by user.
2026-05-11 18:00:23,809 | INFO | 🤖 Daemon started | Project: C:\Users\Maxim\Desktop\Project\DayCom2
2026-05-11 18:00:23,810 | INFO | ✅ Already up-to-date for today.
2026-05-11 18:00:23,812 | INFO | 😴 Sleeping 14.2h until 12.05 08:11
2026-05-11 18:01:26,609 | INFO | 🛑 Daemon stopped by user.
2026-05-11 18:01:28,419 | INFO | 🤖 Daemon started | Project: C:\Users\Maxim\Desktop\Project\DayCom2
2026-05-11 18:01:28,420 | INFO | ✅ Already up-to-date for today.
2026-05-11 18:01:28,420 | INFO | 😴 Sleeping 14.4h until 12.05 08:26
2026-05-11 18:01:43,772 | INFO | 🛑 Daemon stopped by user.
2026-05-11 18:01:49,743 | INFO | 🤖 Daemon started | Project: C:\Users\Maxim\Desktop\Project\DayCom2
2026-05-11 18:01:49,744 | INFO | ✅ Already up-to-date for today.
2026-05-11 18:01:49,744 | INFO | 😴 Sleeping 14.8h until 12.05 08:48
2026-05-11 18:04:35,942 | INFO | 🛑 Daemon stopped by user.
2026-05-11 18:06:19,422 | INFO | 🤖 Daemon started | Project: C:\Users\Maxim\Desktop\Project\DayCom2
2026-05-11 18:06:19,422 | INFO | 🔍 Found 365 missed active days. Backfilling...
2026-05-11 18:06:19,530 | WARNING | CMD: Traceback (most recent call last):
  File "C:\Users\Maxim\Desktop\Project\DayCom2\scripts\generate_code.py", line 76, in <module>
    generate_code()
    ~~~~~~~~~~~~~^^
  File "C:\Users\Maxim\Desktop\Project\DayCom2\scripts\generate_code.py", line 63, in generate_code
    content = TEMPLATES[f["lang"]].format(
        timestamp=ts, idx=idx, random_value=val, loop_range=loop, multiplier=mult
    )
ValueError: unexpected '{' in field name
